Archive member included because of file (symbol)

c:/program files/eclipsearm/sourcery-g++-lite-arm-2011.03/bin/../lib/gcc/arm-none-eabi/4.5.2\libgcc.a(_divsi3.o)
                              ./common/44blib.o (__aeabi_idiv)
c:/program files/eclipsearm/sourcery-g++-lite-arm-2011.03/bin/../lib/gcc/arm-none-eabi/4.5.2\libgcc.a(_dvmd_tls.o)
                              c:/program files/eclipsearm/sourcery-g++-lite-arm-2011.03/bin/../lib/gcc/arm-none-eabi/4.5.2\libgcc.a(_divsi3.o) (__aeabi_idiv0)

Allocating common symbols
Common symbol       size              file

led_state           0x4               ./led.o
fileSize            0x4               ./common/44blib.o
downPt              0x4               ./common/44blib.o

Memory Configuration

Name             Origin             Length             Attributes
*default*        0x00000000         0xffffffff

Linker script and memory map

LOAD ./common/44binit.o
LOAD ./common/44blib.o
LOAD ./8led.o
LOAD ./button.o
LOAD ./led.o
LOAD ./main.o
LOAD ./timer.o
LOAD ./timer2.o
START GROUP
LOAD c:/program files/eclipsearm/sourcery-g++-lite-arm-2011.03/bin/../lib/gcc/arm-none-eabi/4.5.2\libgcc.a
LOAD c:/program files/eclipsearm/sourcery-g++-lite-arm-2011.03/bin/../lib/gcc/arm-none-eabi/4.5.2/../../../../arm-none-eabi/lib\libc.a
END GROUP
                0x0c000000                . = 0xc000000
                0x0c000000                Image_RO_Base = .

.text           0x0c000000     0x13c8
 *(.text)
 .text          0x0c000000      0x70c ./common/44binit.o
 .text          0x0c00070c      0x45c ./common/44blib.o
                0x0c00070c                Delay
                0x0c000844                DelayMs
                0x0c0008a8                Port_Init
                0x0c000a38                malloc
                0x0c000ad8                free
                0x0c000b08                sys_init
 .text          0x0c000b68       0x78 ./8led.o
                0x0c000b68                D8Led_init
                0x0c000b8c                D8Led_symbol
 .text          0x0c000be0      0x198 ./button.o
                0x0c000be0                Eint4567_init
                0x0c000cc0                Eint4567_ISR
 .text          0x0c000d78      0x23c ./led.o
                0x0c000d78                leds_on
                0x0c000d98                leds_off
                0x0c000db8                led1_on
                0x0c000df8                led1_off
                0x0c000e38                led2_on
                0x0c000e78                led2_off
                0x0c000eb8                leds_switch
                0x0c000ef8                Led_Display
 .text          0x0c000fb4       0x58 ./main.o
                0x0c000fb4                Main
 .text          0x0c00100c      0x104 ./timer.o
                0x0c00100c                timer_ISR
                0x0c001054                timer_init
 .text          0x0c001110      0x16c ./timer2.o
                0x0c001110                timer2_ISR
                0x0c001170                timer2_empezar
                0x0c0011a4                timer2_inicializar
                0x0c001240                timer2_leer
 .text          0x0c00127c      0x148 c:/program files/eclipsearm/sourcery-g++-lite-arm-2011.03/bin/../lib/gcc/arm-none-eabi/4.5.2\libgcc.a(_divsi3.o)
                0x0c00127c                __divsi3
                0x0c00127c                __aeabi_idiv
                0x0c0013a4                __aeabi_idivmod
 .text          0x0c0013c4        0x4 c:/program files/eclipsearm/sourcery-g++-lite-arm-2011.03/bin/../lib/gcc/arm-none-eabi/4.5.2\libgcc.a(_dvmd_tls.o)
                0x0c0013c4                __aeabi_idiv0
                0x0c0013c4                __aeabi_ldiv0
                0x0c0013c8                Image_RO_Limit = .
                0x0c0013c8                Image_RW_Base = .

.glue_7         0x0c0013c8        0x0
 .glue_7        0x00000000        0x0 linker stubs

.glue_7t        0x0c0013c8        0x0
 .glue_7t       0x00000000        0x0 linker stubs

.vfp11_veneer   0x0c0013c8        0x0
 .vfp11_veneer  0x00000000        0x0 linker stubs

.v4_bx          0x0c0013c8        0x0
 .v4_bx         0x00000000        0x0 linker stubs

.data           0x0c0013c8       0x58
 *(.data)
 .data          0x0c0013c8        0x6 ./common/44binit.o
                0x0c0013c8                BDRAMTYPE
 *fill*         0x0c0013ce        0x2 00
 .data          0x0c0013d0        0xc ./common/44blib.o
                0x0c0013d0                mallocPt
                0x0c0013d4                run
 .data          0x0c0013dc       0x44 ./8led.o
                0x0c0013dc                Symbol
 .data          0x0c001420        0x0 ./button.o
 .data          0x0c001420        0x0 ./led.o
 .data          0x0c001420        0x0 ./main.o
 .data          0x0c001420        0x0 ./timer.o
 .data          0x0c001420        0x0 ./timer2.o
 .data          0x0c001420        0x0 c:/program files/eclipsearm/sourcery-g++-lite-arm-2011.03/bin/../lib/gcc/arm-none-eabi/4.5.2\libgcc.a(_divsi3.o)
 .data          0x0c001420        0x0 c:/program files/eclipsearm/sourcery-g++-lite-arm-2011.03/bin/../lib/gcc/arm-none-eabi/4.5.2\libgcc.a(_dvmd_tls.o)

.rodata
 *(.rodata)
                0x0c001420                Image_RW_Limit = .
                0x0c001420                Image_ZI_Base = .

.bss            0x0c001420       0x24
 *(.bss)
 .bss           0x0c001420        0x0 ./common/44binit.o
 .bss           0x0c001420        0x4 ./common/44blib.o
                0x0c001420                restart
 .bss           0x0c001424        0x0 ./8led.o
 .bss           0x0c001424        0x4 ./button.o
                0x0c001424                int_count
 .bss           0x0c001428        0x0 ./led.o
 .bss           0x0c001428        0x0 ./main.o
 .bss           0x0c001428        0x4 ./timer.o
                0x0c001428                switch_leds
 .bss           0x0c00142c        0xc ./timer2.o
                0x0c00142c                switch_leds2
                0x0c001430                timer2_num_int
 .bss           0x0c001438        0x0 c:/program files/eclipsearm/sourcery-g++-lite-arm-2011.03/bin/../lib/gcc/arm-none-eabi/4.5.2\libgcc.a(_divsi3.o)
 .bss           0x0c001438        0x0 c:/program files/eclipsearm/sourcery-g++-lite-arm-2011.03/bin/../lib/gcc/arm-none-eabi/4.5.2\libgcc.a(_dvmd_tls.o)
 COMMON         0x0c001438        0x8 ./common/44blib.o
                0x0c001438                fileSize
                0x0c00143c                downPt
 COMMON         0x0c001440        0x4 ./led.o
                0x0c001440                led_state
                0x0c001444                Image_ZI_Limit = .
                0x0c001444                __bss_start__ = .
                0x0c001444                __bss_end__ = .
                0x0c001444                __EH_FRAME_BEGIN__ = .
                0x0c001444                __EH_FRAME_END__ = .
                0x0c001444                PROVIDE (__stack, .)
                0x0c001444                end = .
                0x0c001444                _end = .

.ARM.attributes
                0x00000000       0x2e
 .ARM.attributes
                0x00000000       0x22 ./common/44binit.o
 .ARM.attributes
                0x00000022       0x32 ./common/44blib.o
 .ARM.attributes
                0x00000054       0x32 ./8led.o
 .ARM.attributes
                0x00000086       0x32 ./button.o
 .ARM.attributes
                0x000000b8       0x32 ./led.o
 .ARM.attributes
                0x000000ea       0x32 ./main.o
 .ARM.attributes
                0x0000011c       0x32 ./timer.o
 .ARM.attributes
                0x0000014e       0x32 ./timer2.o
 .ARM.attributes
                0x00000180       0x1a c:/program files/eclipsearm/sourcery-g++-lite-arm-2011.03/bin/../lib/gcc/arm-none-eabi/4.5.2\libgcc.a(_divsi3.o)
 .ARM.attributes
                0x0000019a       0x18 c:/program files/eclipsearm/sourcery-g++-lite-arm-2011.03/bin/../lib/gcc/arm-none-eabi/4.5.2\libgcc.a(_dvmd_tls.o)

.comment        0x00000000       0x2a
 .comment       0x00000000       0x2a ./common/44blib.o
                                 0x2b (size before relaxing)
 .comment       0x00000000       0x2b ./8led.o
 .comment       0x00000000       0x2b ./button.o
 .comment       0x00000000       0x2b ./led.o
 .comment       0x00000000       0x2b ./main.o
 .comment       0x00000000       0x2b ./timer.o
 .comment       0x00000000       0x2b ./timer2.o

.debug_info     0x00000000      0x7c6
 *(.debug_info)
 .debug_info    0x00000000       0x4e ./common/44binit.o
 .debug_info    0x0000004e      0x229 ./common/44blib.o
 .debug_info    0x00000277      0x11b ./8led.o
 .debug_info    0x00000392       0x94 ./button.o
 .debug_info    0x00000426      0x104 ./led.o
 .debug_info    0x0000052a       0xf3 ./main.o
 .debug_info    0x0000061d       0x7a ./timer.o
 .debug_info    0x00000697      0x12f ./timer2.o

.debug_line     0x00000000      0xbb8
 *(.debug_line)
 .debug_line    0x00000000      0x10f ./common/44binit.o
 .debug_line    0x0000010f      0x3a6 ./common/44blib.o
 .debug_line    0x000004b5       0x77 ./8led.o
 .debug_line    0x0000052c       0x92 ./button.o
 .debug_line    0x000005be       0x8b ./led.o
 .debug_line    0x00000649      0x35c ./main.o
 .debug_line    0x000009a5       0x7a ./timer.o
 .debug_line    0x00000a1f      0x199 ./timer2.o

.debug_abbrev   0x00000000      0x491
 *(.debug_abbrev)
 .debug_abbrev  0x00000000       0x14 ./common/44binit.o
 .debug_abbrev  0x00000014      0x11f ./common/44blib.o
 .debug_abbrev  0x00000133       0xba ./8led.o
 .debug_abbrev  0x000001ed       0x89 ./button.o
 .debug_abbrev  0x00000276       0x7c ./led.o
 .debug_abbrev  0x000002f2       0x9e ./main.o
 .debug_abbrev  0x00000390       0x58 ./timer.o
 .debug_abbrev  0x000003e8       0xa9 ./timer2.o

.debug_frame    0x00000000      0x3cc
 *(.debug_frame)
 .debug_frame   0x00000000       0xd0 ./common/44blib.o
 .debug_frame   0x000000d0       0x50 ./8led.o
 .debug_frame   0x00000120       0x5c ./button.o
 .debug_frame   0x0000017c      0x110 ./led.o
 .debug_frame   0x0000028c       0x30 ./main.o
 .debug_frame   0x000002bc       0x58 ./timer.o
 .debug_frame   0x00000314       0x98 ./timer2.o
 .debug_frame   0x000003ac       0x20 c:/program files/eclipsearm/sourcery-g++-lite-arm-2011.03/bin/../lib/gcc/arm-none-eabi/4.5.2\libgcc.a(_divsi3.o)
OUTPUT(P2.elf elf32-littlearm)

.debug_aranges  0x00000000      0x100
 .debug_aranges
                0x00000000       0x20 ./common/44binit.o
 .debug_aranges
                0x00000020       0x20 ./common/44blib.o
 .debug_aranges
                0x00000040       0x20 ./8led.o
 .debug_aranges
                0x00000060       0x20 ./button.o
 .debug_aranges
                0x00000080       0x20 ./led.o
 .debug_aranges
                0x000000a0       0x20 ./main.o
 .debug_aranges
                0x000000c0       0x20 ./timer.o
 .debug_aranges
                0x000000e0       0x20 ./timer2.o

.debug_macinfo  0x00000000    0x2c4d7
 .debug_macinfo
                0x00000000     0x8301 ./common/44blib.o
 .debug_macinfo
                0x00008301     0x50a9 ./8led.o
 .debug_macinfo
                0x0000d3aa     0x522d ./button.o
 .debug_macinfo
                0x000125d7     0x50a9 ./led.o
 .debug_macinfo
                0x00017680     0x9368 ./main.o
 .debug_macinfo
                0x000209e8     0x50a9 ./timer.o
 .debug_macinfo
                0x00025a91     0x6a46 ./timer2.o

.debug_loc      0x00000000      0x44c
 .debug_loc     0x00000000      0x108 ./common/44blib.o
 .debug_loc     0x00000108       0x58 ./8led.o
 .debug_loc     0x00000160       0x58 ./button.o
 .debug_loc     0x000001b8      0x160 ./led.o
 .debug_loc     0x00000318       0x2c ./main.o
 .debug_loc     0x00000344       0x58 ./timer.o
 .debug_loc     0x0000039c       0xb0 ./timer2.o

.debug_pubnames
                0x00000000      0x274
 .debug_pubnames
                0x00000000       0x90 ./common/44blib.o
 .debug_pubnames
                0x00000090       0x3d ./8led.o
 .debug_pubnames
                0x000000cd       0x43 ./button.o
 .debug_pubnames
                0x00000110       0x8b ./led.o
 .debug_pubnames
                0x0000019b       0x1b ./main.o
 .debug_pubnames
                0x000001b6       0x3f ./timer.o
 .debug_pubnames
                0x000001f5       0x7f ./timer2.o

.debug_pubtypes
                0x00000000       0x5c
 .debug_pubtypes
                0x00000000       0x12 ./common/44blib.o
 .debug_pubtypes
                0x00000012       0x1f ./main.o
 .debug_pubtypes
                0x00000031       0x2b ./timer2.o

.debug_str      0x00000000      0x2d0
 .debug_str     0x00000000      0x108 ./common/44blib.o
                                0x146 (size before relaxing)
 .debug_str     0x00000108       0x6c ./8led.o
                                 0x94 (size before relaxing)
 .debug_str     0x00000174       0x3b ./button.o
                                 0x63 (size before relaxing)
 .debug_str     0x000001af       0x68 ./led.o
                                 0x83 (size before relaxing)
 .debug_str     0x00000217       0x46 ./main.o
                                 0xf0 (size before relaxing)
 .debug_str     0x0000025d       0x2c ./timer.o
                                 0x47 (size before relaxing)
 .debug_str     0x00000289       0x47 ./timer2.o
                                0x11d (size before relaxing)
